// Jest Snapshot v1, https://goo.gl/fbAQLP

exports[`Elevation renders 1`] = `
<DocumentFragment>
  <div
    class="mdc-elevation--z0"
  />
</DocumentFragment>
`;
