// Jest Snapshot v1, https://goo.gl/fbAQLP

exports[`Base SSR renders 1`] = `"<div id=\\"rmwcPortal\\" data-reactroot=\\"\\"></div>"`;
