// Jest Snapshot v1, https://goo.gl/fbAQLP

exports[`Badge inset 1`] = `
<DocumentFragment>
  <div
    class="rmwc-badge rmwc-badge--align-end rmwc-badge--no-content"
    style="--rmwc-badge-inset: 10rem;"
  >
    Â 
  </div>
</DocumentFragment>
`;

exports[`Badge renders with label 1`] = `
<DocumentFragment>
  <div
    class="rmwc-badge rmwc-badge--align-end"
  >
    New
  </div>
</DocumentFragment>
`;

exports[`BadgeAnchor renders 1`] = `
<DocumentFragment>
  <div
    class="rmwc-badge-anchor"
  />
</DocumentFragment>
`;
