// Jest Snapshot v1, https://goo.gl/fbAQLP

exports[`TouchTargetWrapper renders 1`] = `
<DocumentFragment>
  <div
    class="mdc-touch-target-wrapper"
  >
    TouchTargetWrapper
  </div>
</DocumentFragment>
`;
