// Jest Snapshot v1, https://goo.gl/fbAQLP

exports[`FormField renders 1`] = `
<DocumentFragment>
  <div
    class="mdc-form-field"
  >
    <input
      id="input"
      type="checkbox"
    />
    <label
      for="input"
    >
      Input Label
    </label>
  </div>
</DocumentFragment>
`;
