// Vitest Snapshot v1, https://vitest.dev/guide/snapshot.html

exports[`Tooltip > align 1`] = `
<DocumentFragment>
  <span>
    test
  </span>
</DocumentFragment>
`;

exports[`Tooltip > renders 1`] = `
<DocumentFragment>
  <span>
    test
  </span>
</DocumentFragment>
`;

exports[`Tooltip > showArrow 1`] = `
<DocumentFragment>
  <span>
    test
  </span>
</DocumentFragment>
`;
