// Jest Snapshot v1, https://goo.gl/fbAQLP

exports[`Tooltip align 1`] = `
<DocumentFragment>
  <span>
    test
  </span>
</DocumentFragment>
`;

exports[`Tooltip renders 1`] = `
<DocumentFragment>
  <span
    style=""
  >
    test
  </span>
</DocumentFragment>
`;

exports[`Tooltip showArrow 1`] = `
<DocumentFragment>
  <span>
    test
  </span>
</DocumentFragment>
`;
